[
  'https://threebestrated.co.uk/dentists-in-bristol',
  'https://www.bristoldentalsuite.co.uk/',
  'https://www.highstreetdental.co.uk/',
  'https://www.dental-touch.co.uk/',
  'https://www.queensquareclinic.com/',
  'https://lodgecausewaydentalcentre.com/'
]
